First one secondtwo third$(invalid) fourth$(invalid:foo.one)
