This is a block of text
That contains list variables: 1
With text before and after.
This is a block of text
That contains list variables: 2
With text before and after.
