This is

a template


on Linux


with newlines.

something at the end.
